C251 COMPILER V5.60.0,  main                                                               06/07/22  18:23:42  PAGE 1   


C251 COMPILER V5.60.0, COMPILATION OF MODULE main
OBJECT MODULE PLACED IN .\Out_File\main.obj
COMPILER INVOKED BY: D:\Keil_v5\C251\BIN\C251.EXE ..\USER\src\main.c XSMALL INTR2 WARNINGLEVEL(3) BROWSE INCDIR(..\..\Li
                    -braries\libraries;..\..\Libraries\seekfree_libraries;..\..\Libraries\seekfree_peripheral;..\CODE;..\USER\inc;..\USER\src
                    -) DEBUG PRINT(.\Out_File\main.lst) TABS(2) OBJECT(.\Out_File\main.obj) 

stmt  level    source

    1          /********************************************************************************************************
             -*************
    2           * COPYRIGHT NOTICE
    3           * Copyright (c) 2020,逐飞科技
    4           * All rights reserved.
    5           * 技术讨论QQ群：一群：179029047(已满)  二群：244861897(已满)  三群：824575535
    6           *
    7           * 以下所有内容版权均属逐飞科技所有，未经允许不得用于商业用途，
    8           * 欢迎各位使用并传播本程序，修改内容时必须保留逐飞科技的版权声明。
    9           *
   10           * @file          main
   11           * @company       成都逐飞科技有限公司
   12           * @author        逐飞科技(QQ790875685)
   13           * @version       查看doc内version文件 版本说明
   14           * @Software    MDK FOR C251 V5.60
   15           * @Target core   STC16F40K128
   16           * @Taobao      https://seekfree.taobao.com/
   17           * @date          2020-12-18
   18           ********************************************************************************************************
             -************/
   19          
   20          #include "headfile.h"
   21          
   22          
   23          /*
   24           *关于内核频率的设定，可以查看board.h文件
   25           *在board_init中,已经将P54引脚设置为复位
   26           *如果需要使用P54引脚,可以在board.c文件中的board_init()函数中删除SET_P54_RESRT即可
   27           */
   28          uint16 steer_duty;
   29          uint16 speed_duty;
   30          
   31          void main()
   32          {
   33   1        DisableGlobalIRQ(); //关闭总中断  
   34   1      
   35   1          //sys_clk可选值:30000000, 27000000. 24000000, 22118400, 20000000, 18432000, 12000000, 11059200, 60000
             -00, 5529600。
   36   1          //设置系统频率，此频率需要跟STC-ISP软件中的 <输入用户程序运行的IRC频率>选项的频率一致。
   37   1          //如果频率设置不对，将会导致串口的数据不正常,PWM的工作不正常等等。
   38   1          sys_clk = 30000000;     //设置系统频率为30MHz
   39   1        
   40   1        board_init(); 
   41   1        gpio_mode(P6_0,GPO_PP);
   42   1        gpio_mode(P6_4,GPO_PP);
   43   1        //gpio_mode(P7_4,GPO_PP);
   44   1        pwm_init(PWMA_CH2P_P62, 10000, 0);     //初始化PWM5  使用引脚P2.5  输出PWM频率10000HZ   占空比为百分之 p
             -wm_duty / PWM_DUTY_MAX * 100
   45   1        pwm_init(PWMA_CH4P_P66, 10000, 0);
   46   1        pwm_init(PWMB_CH1_P74, 50, 705);
   47   1        //delay_ms(2000);
   48   1        
   49   1        steer_duty = 705;
   50   1        speed_duty = 600;
   51   1        
   52   1        EnableGlobalIRQ();  //开启总中断
   53   1          while(1)
C251 COMPILER V5.60.0,  main                                                               06/07/22  18:23:42  PAGE 2   

   54   1        {
   55   2          P60=1;
   56   2          P64=0;
   57   2          pwm_duty(PWMB_CH1_P74, steer_duty);
   58   2          pwm_duty(PWMA_CH2P_P62, speed_duty);
   59   2          pwm_duty(PWMA_CH4P_P66, speed_duty);
   60   2          
   61   2          if(steer_duty >=805)
   62   2          {
   63   3            steer_duty = 605;
   64   3          }
   65   2          
   66   2          if(speed_duty >=1500)
   67   2          {
   68   3            speed_duty = 600;
   69   3          }
   70   2          
   71   2          steer_duty = steer_duty+10;
   72   2          speed_duty = speed_duty+100;
   73   2          
   74   2          delay_ms(1000);
   75   2          }
   76   1      }
   77          


Module Information          Static   Overlayable
------------------------------------------------
  code size            =       224     ------
  ecode size           =    ------     ------
  data size            =    ------     ------
  idata size           =    ------     ------
  pdata size           =    ------     ------
  xdata size           =    ------     ------
  xdata-const size     =    ------     ------
  edata size           =         4     ------
  bit size             =    ------     ------
  ebit size            =    ------     ------
  bitaddressable size  =    ------     ------
  ebitaddressable size =    ------     ------
  far data size        =    ------     ------
  huge data size       =    ------     ------
  const size           =    ------     ------
  hconst size          =    ------     ------
End of Module Information.


C251 COMPILATION COMPLETE.  0 WARNING(S),  0 ERROR(S)
